---
source: src/github/issue.rs
assertion_line: 775
expression: comment
---
IssueComment {
    id: "IC_kwDOABC123",
    body: "GraphQL format comment",
    author: User {
        login: "gqluser",
    },
    created_at: "2026-03-15T12:00:00Z",
    author_association: "OWNER",
    url: "https://github.com/owner/repo/issues/10#issuecomment-456",
}
